{
   "check_schema_version" : 1,
   "command" : {
      "json" : true,
      "mode" : "check",
      "strict_mode" : true,
      "target_language" : "systemverilog"
   },
   "diagnostic_summary" : {
      "code_counts" : {},
      "codes" : [],
      "contract_source" : "FSM::Support::SerializableDiagnosticSummary",
      "diagnostic_count" : 1,
      "diagnostic_summary_schema_version" : 1,
      "has_diagnostics" : true,
      "has_stable_codes" : false,
      "matched_support_accounting" : false,
      "report_source" : "FSM::Support::SerializableDiagnosticSummary",
      "severity_counts" : {
         "error" : 1
      },
      "success" : false,
      "unique_codes" : []
   },
   "diagnostics" : [
      {
         "code" : null,
         "expected_child_source_file" : null,
         "expected_rtl_metadata_file" : null,
         "family" : "unclassified",
         "generated_child_source" : null,
         "message" : "Source file: '/var/folders/4h/29gg6nrx2pj9wfjkzc460hlr0000gn/T/AIa3HSzX9q.fsm'\nStrict mode rejects infix assignment '(<true <- (sig_a> 1))' in source '/var/folders/4h/29gg6nrx2pj9wfjkzc460hlr0000gn/T/AIa3HSzX9q.fsm'. Use the canonical pair form '(<- (<true (sig_a> 1)))' for strict-mode assignment intent, or re-run without strict mode if you still need infix assignment compatibility. See docs/book/src/10-errors-strict-mode-and-troubleshooting.md for the current strict-mode boundary.",
         "migration_hint_available" : false,
         "parent_composition_source" : null,
         "rtl_metadata_file" : null,
         "severity" : "error",
         "source_file" : "/var/folders/4h/29gg6nrx2pj9wfjkzc460hlr0000gn/T/AIa3HSzX9q.fsm",
         "stability" : "unclassified",
         "summary" : "Unclassified FSMGen failure.",
         "support_accounting" : {
            "matched" : false
         }
      }
   ],
   "generated_output" : {
      "emitted" : false
   },
   "producer" : {
      "name" : "FSMGen",
      "report_source" : "FSM::Support::CheckDiagnostics"
   },
   "source" : {
      "input" : "fsmgen-issue-bare-token-guard-infix/sources/fsmgen-input/bare_guard_repro.isf",
      "resolved_path" : "/var/folders/4h/29gg6nrx2pj9wfjkzc460hlr0000gn/T/AIa3HSzX9q.fsm"
   },
   "success" : false
}
