{
   "actor_constants" : [],
   "actor_params" : [],
   "actor_phases" : [],
   "actor_stages" : [],
   "bank_accesses" : [],
   "clock" : "clk",
   "clock_domains" : [],
   "compatible_fanin_groups" : [],
   "compile_issues" : [],
   "crossings" : [],
   "dt_blocks" : [
      {
         "assignments" : 1,
         "kind" : "rule",
         "name" : "unconditional_rule"
      }
   ],
   "generated_composition" : null,
   "inferred_storage" : [],
   "inputs" : 0,
   "library_uses" : [],
   "outputs" : 1,
   "port_count" : 1,
   "priority_resolutions" : [],
   "reset" : {
      "kind" : "async",
      "name" : "rst_n",
      "polarity" : "active_low"
   },
   "resource_arbitration" : [],
   "scheduled_fsm" : "demo.fsm",
   "source" : "demo.isf",
   "state_count" : 0,
   "temporal_contracts" : [],
   "transaction_loops" : [],
   "transaction_port_bindings" : [],
   "transaction_stages" : [],
   "transaction_waits" : [],
   "transactions" : [],
   "watchdog" : "65536"
}
